Loading cached data from /root/autodl-tmp/battery-rul-xnet/data/raw/NASA_Battery_Data.npy

=== Multi-model comparison with 50% training data ===

--- XNet combo 1: lr=0.006, hidden_dim=96, layers=2, cauchy={'lambda1': 0.7, 'lambda2': 0.1, 'd': 0.5} ---
    Avg RMSE: 0.1106

--- XNet combo 2: lr=0.006, hidden_dim=96, layers=2, cauchy={'lambda1': 0.85, 'lambda2': 0.15, 'd': 0.65} ---
    Avg RMSE: 0.1009

--- XNet combo 3: lr=0.006, hidden_dim=96, layers=2, cauchy={'lambda1': 1.0, 'lambda2': 0.2, 'd': 0.75} ---
    Avg RMSE: 0.0909

--- XNet combo 4: lr=0.006, hidden_dim=96, layers=3, cauchy={'lambda1': 0.7, 'lambda2': 0.1, 'd': 0.5} ---
    Avg RMSE: 0.1085

--- XNet combo 5: lr=0.006, hidden_dim=96, layers=3, cauchy={'lambda1': 0.85, 'lambda2': 0.15, 'd': 0.65} ---
    Avg RMSE: 0.0938

--- XNet combo 6: lr=0.006, hidden_dim=96, layers=3, cauchy={'lambda1': 1.0, 'lambda2': 0.2, 'd': 0.75} ---
    Avg RMSE: 0.0988

--- XNet combo 7: lr=0.006, hidden_dim=96, layers=4, cauchy={'lambda1': 0.7, 'lambda2': 0.1, 'd': 0.5} ---
    Avg RMSE: 0.0961

--- XNet combo 8: lr=0.006, hidden_dim=96, layers=4, cauchy={'lambda1': 0.85, 'lambda2': 0.15, 'd': 0.65} ---
    Avg RMSE: 0.1155

--- XNet combo 9: lr=0.006, hidden_dim=96, layers=4, cauchy={'lambda1': 1.0, 'lambda2': 0.2, 'd': 0.75} ---
    Avg RMSE: 0.1213

--- XNet combo 10: lr=0.006, hidden_dim=128, layers=2, cauchy={'lambda1': 0.7, 'lambda2': 0.1, 'd': 0.5} ---
    Avg RMSE: 0.1055

--- XNet combo 11: lr=0.006, hidden_dim=128, layers=2, cauchy={'lambda1': 0.85, 'lambda2': 0.15, 'd': 0.65} ---
    Avg RMSE: 0.0953

--- XNet combo 12: lr=0.006, hidden_dim=128, layers=2, cauchy={'lambda1': 1.0, 'lambda2': 0.2, 'd': 0.75} ---
    Avg RMSE: 0.0934

--- XNet combo 13: lr=0.006, hidden_dim=128, layers=3, cauchy={'lambda1': 0.7, 'lambda2': 0.1, 'd': 0.5} ---
    Avg RMSE: 0.1028

--- XNet combo 14: lr=0.006, hidden_dim=128, layers=3, cauchy={'lambda1': 0.85, 'lambda2': 0.15, 'd': 0.65} ---
    Avg RMSE: 0.0939

--- XNet combo 15: lr=0.006, hidden_dim=128, layers=3, cauchy={'lambda1': 1.0, 'lambda2': 0.2, 'd': 0.75} ---
    Avg RMSE: 0.1015

--- XNet combo 16: lr=0.006, hidden_dim=128, layers=4, cauchy={'lambda1': 0.7, 'lambda2': 0.1, 'd': 0.5} ---
    Avg RMSE: 0.0989

--- XNet combo 17: lr=0.006, hidden_dim=128, layers=4, cauchy={'lambda1': 0.85, 'lambda2': 0.15, 'd': 0.65} ---
    Avg RMSE: 0.1208

--- XNet combo 18: lr=0.006, hidden_dim=128, layers=4, cauchy={'lambda1': 1.0, 'lambda2': 0.2, 'd': 0.75} ---
    Avg RMSE: 0.1093

--- XNet combo 19: lr=0.006, hidden_dim=160, layers=2, cauchy={'lambda1': 0.7, 'lambda2': 0.1, 'd': 0.5} ---
    Avg RMSE: 0.0797

--- XNet combo 20: lr=0.006, hidden_dim=160, layers=2, cauchy={'lambda1': 0.85, 'lambda2': 0.15, 'd': 0.65} ---
    Avg RMSE: 0.0897

--- XNet combo 21: lr=0.006, hidden_dim=160, layers=2, cauchy={'lambda1': 1.0, 'lambda2': 0.2, 'd': 0.75} ---
    Avg RMSE: 0.0836

--- XNet combo 22: lr=0.006, hidden_dim=160, layers=3, cauchy={'lambda1': 0.7, 'lambda2': 0.1, 'd': 0.5} ---
    Avg RMSE: 0.0951

--- XNet combo 23: lr=0.006, hidden_dim=160, layers=3, cauchy={'lambda1': 0.85, 'lambda2': 0.15, 'd': 0.65} ---
    Avg RMSE: 0.1111

--- XNet combo 24: lr=0.006, hidden_dim=160, layers=3, cauchy={'lambda1': 1.0, 'lambda2': 0.2, 'd': 0.75} ---
    Avg RMSE: 0.1068

--- XNet combo 25: lr=0.006, hidden_dim=160, layers=4, cauchy={'lambda1': 0.7, 'lambda2': 0.1, 'd': 0.5} ---
    Avg RMSE: 0.1052

--- XNet combo 26: lr=0.006, hidden_dim=160, layers=4, cauchy={'lambda1': 0.85, 'lambda2': 0.15, 'd': 0.65} ---
    Avg RMSE: 0.1109

--- XNet combo 27: lr=0.006, hidden_dim=160, layers=4, cauchy={'lambda1': 1.0, 'lambda2': 0.2, 'd': 0.75} ---
    Avg RMSE: 0.1177

--- XNet combo 28: lr=0.008, hidden_dim=96, layers=2, cauchy={'lambda1': 0.7, 'lambda2': 0.1, 'd': 0.5} ---
    Avg RMSE: 0.0907

--- XNet combo 29: lr=0.008, hidden_dim=96, layers=2, cauchy={'lambda1': 0.85, 'lambda2': 0.15, 'd': 0.65} ---
    Avg RMSE: 0.0905

--- XNet combo 30: lr=0.008, hidden_dim=96, layers=2, cauchy={'lambda1': 1.0, 'lambda2': 0.2, 'd': 0.75} ---
    Avg RMSE: 0.1013

--- XNet combo 31: lr=0.008, hidden_dim=96, layers=3, cauchy={'lambda1': 0.7, 'lambda2': 0.1, 'd': 0.5} ---
    Avg RMSE: 0.0923

--- XNet combo 32: lr=0.008, hidden_dim=96, layers=3, cauchy={'lambda1': 0.85, 'lambda2': 0.15, 'd': 0.65} ---
    Avg RMSE: 0.1044

--- XNet combo 33: lr=0.008, hidden_dim=96, layers=3, cauchy={'lambda1': 1.0, 'lambda2': 0.2, 'd': 0.75} ---
    Avg RMSE: 0.1137

--- XNet combo 34: lr=0.008, hidden_dim=96, layers=4, cauchy={'lambda1': 0.7, 'lambda2': 0.1, 'd': 0.5} ---
    Avg RMSE: 0.1099

--- XNet combo 35: lr=0.008, hidden_dim=96, layers=4, cauchy={'lambda1': 0.85, 'lambda2': 0.15, 'd': 0.65} ---
    Avg RMSE: 0.1166

--- XNet combo 36: lr=0.008, hidden_dim=96, layers=4, cauchy={'lambda1': 1.0, 'lambda2': 0.2, 'd': 0.75} ---
    Avg RMSE: 0.1178

--- XNet combo 37: lr=0.008, hidden_dim=128, layers=2, cauchy={'lambda1': 0.7, 'lambda2': 0.1, 'd': 0.5} ---
    Avg RMSE: 0.0891

--- XNet combo 38: lr=0.008, hidden_dim=128, layers=2, cauchy={'lambda1': 0.85, 'lambda2': 0.15, 'd': 0.65} ---
    Avg RMSE: 0.0907

--- XNet combo 39: lr=0.008, hidden_dim=128, layers=2, cauchy={'lambda1': 1.0, 'lambda2': 0.2, 'd': 0.75} ---
    Avg RMSE: 0.0938

--- XNet combo 40: lr=0.008, hidden_dim=128, layers=3, cauchy={'lambda1': 0.7, 'lambda2': 0.1, 'd': 0.5} ---
    Avg RMSE: 0.0907

--- XNet combo 41: lr=0.008, hidden_dim=128, layers=3, cauchy={'lambda1': 0.85, 'lambda2': 0.15, 'd': 0.65} ---
    Avg RMSE: 0.0879

--- XNet combo 42: lr=0.008, hidden_dim=128, layers=3, cauchy={'lambda1': 1.0, 'lambda2': 0.2, 'd': 0.75} ---
    Avg RMSE: 0.1067

--- XNet combo 43: lr=0.008, hidden_dim=128, layers=4, cauchy={'lambda1': 0.7, 'lambda2': 0.1, 'd': 0.5} ---
    Avg RMSE: 0.1146

--- XNet combo 44: lr=0.008, hidden_dim=128, layers=4, cauchy={'lambda1': 0.85, 'lambda2': 0.15, 'd': 0.65} ---
    Avg RMSE: 0.1205

--- XNet combo 45: lr=0.008, hidden_dim=128, layers=4, cauchy={'lambda1': 1.0, 'lambda2': 0.2, 'd': 0.75} ---
    Avg RMSE: 0.1195

--- XNet combo 46: lr=0.008, hidden_dim=160, layers=2, cauchy={'lambda1': 0.7, 'lambda2': 0.1, 'd': 0.5} ---
    Avg RMSE: 0.0879

--- XNet combo 47: lr=0.008, hidden_dim=160, layers=2, cauchy={'lambda1': 0.85, 'lambda2': 0.15, 'd': 0.65} ---
    Avg RMSE: 0.0839

--- XNet combo 48: lr=0.008, hidden_dim=160, layers=2, cauchy={'lambda1': 1.0, 'lambda2': 0.2, 'd': 0.75} ---
    Avg RMSE: 0.0944

--- XNet combo 49: lr=0.008, hidden_dim=160, layers=3, cauchy={'lambda1': 0.7, 'lambda2': 0.1, 'd': 0.5} ---
    Avg RMSE: 0.0956

--- XNet combo 50: lr=0.008, hidden_dim=160, layers=3, cauchy={'lambda1': 0.85, 'lambda2': 0.15, 'd': 0.65} ---
    Avg RMSE: 0.1045

--- XNet combo 51: lr=0.008, hidden_dim=160, layers=3, cauchy={'lambda1': 1.0, 'lambda2': 0.2, 'd': 0.75} ---
    Avg RMSE: 0.0993

--- XNet combo 52: lr=0.008, hidden_dim=160, layers=4, cauchy={'lambda1': 0.7, 'lambda2': 0.1, 'd': 0.5} ---
    Avg RMSE: 0.1114

--- XNet combo 53: lr=0.008, hidden_dim=160, layers=4, cauchy={'lambda1': 0.85, 'lambda2': 0.15, 'd': 0.65} ---
    Avg RMSE: 0.1221

--- XNet combo 54: lr=0.008, hidden_dim=160, layers=4, cauchy={'lambda1': 1.0, 'lambda2': 0.2, 'd': 0.75} ---
    Avg RMSE: 0.1136

--- XNet combo 55: lr=0.01, hidden_dim=96, layers=2, cauchy={'lambda1': 0.7, 'lambda2': 0.1, 'd': 0.5} ---
    Avg RMSE: 0.1016

--- XNet combo 56: lr=0.01, hidden_dim=96, layers=2, cauchy={'lambda1': 0.85, 'lambda2': 0.15, 'd': 0.65} ---
    Avg RMSE: 0.1014

--- XNet combo 57: lr=0.01, hidden_dim=96, layers=2, cauchy={'lambda1': 1.0, 'lambda2': 0.2, 'd': 0.75} ---
    Avg RMSE: 0.0981

--- XNet combo 58: lr=0.01, hidden_dim=96, layers=3, cauchy={'lambda1': 0.7, 'lambda2': 0.1, 'd': 0.5} ---
    Avg RMSE: 0.1125

--- XNet combo 59: lr=0.01, hidden_dim=96, layers=3, cauchy={'lambda1': 0.85, 'lambda2': 0.15, 'd': 0.65} ---
    Avg RMSE: 0.1078

--- XNet combo 60: lr=0.01, hidden_dim=96, layers=3, cauchy={'lambda1': 1.0, 'lambda2': 0.2, 'd': 0.75} ---
    Avg RMSE: 0.1108

--- XNet combo 61: lr=0.01, hidden_dim=96, layers=4, cauchy={'lambda1': 0.7, 'lambda2': 0.1, 'd': 0.5} ---
    Avg RMSE: 0.1198

--- XNet combo 62: lr=0.01, hidden_dim=96, layers=4, cauchy={'lambda1': 0.85, 'lambda2': 0.15, 'd': 0.65} ---
    Avg RMSE: 0.1247

--- XNet combo 63: lr=0.01, hidden_dim=96, layers=4, cauchy={'lambda1': 1.0, 'lambda2': 0.2, 'd': 0.75} ---
    Avg RMSE: 0.1214

--- XNet combo 64: lr=0.01, hidden_dim=128, layers=2, cauchy={'lambda1': 0.7, 'lambda2': 0.1, 'd': 0.5} ---
    Avg RMSE: 0.1019

--- XNet combo 65: lr=0.01, hidden_dim=128, layers=2, cauchy={'lambda1': 0.85, 'lambda2': 0.15, 'd': 0.65} ---
    Avg RMSE: 0.0877

--- XNet combo 66: lr=0.01, hidden_dim=128, layers=2, cauchy={'lambda1': 1.0, 'lambda2': 0.2, 'd': 0.75} ---
    Avg RMSE: 0.0937

--- XNet combo 67: lr=0.01, hidden_dim=128, layers=3, cauchy={'lambda1': 0.7, 'lambda2': 0.1, 'd': 0.5} ---
    Avg RMSE: 0.0943

--- XNet combo 68: lr=0.01, hidden_dim=128, layers=3, cauchy={'lambda1': 0.85, 'lambda2': 0.15, 'd': 0.65} ---
    Avg RMSE: 0.0955

--- XNet combo 69: lr=0.01, hidden_dim=128, layers=3, cauchy={'lambda1': 1.0, 'lambda2': 0.2, 'd': 0.75} ---
    Avg RMSE: 0.1034

--- XNet combo 70: lr=0.01, hidden_dim=128, layers=4, cauchy={'lambda1': 0.7, 'lambda2': 0.1, 'd': 0.5} ---
    Avg RMSE: 0.1143

--- XNet combo 71: lr=0.01, hidden_dim=128, layers=4, cauchy={'lambda1': 0.85, 'lambda2': 0.15, 'd': 0.65} ---
    Avg RMSE: 0.1124

--- XNet combo 72: lr=0.01, hidden_dim=128, layers=4, cauchy={'lambda1': 1.0, 'lambda2': 0.2, 'd': 0.75} ---
    Avg RMSE: 0.1050

--- XNet combo 73: lr=0.01, hidden_dim=160, layers=2, cauchy={'lambda1': 0.7, 'lambda2': 0.1, 'd': 0.5} ---
    Avg RMSE: 0.0904

--- XNet combo 74: lr=0.01, hidden_dim=160, layers=2, cauchy={'lambda1': 0.85, 'lambda2': 0.15, 'd': 0.65} ---
    Avg RMSE: 0.0936

--- XNet combo 75: lr=0.01, hidden_dim=160, layers=2, cauchy={'lambda1': 1.0, 'lambda2': 0.2, 'd': 0.75} ---
    Avg RMSE: 0.0976

--- XNet combo 76: lr=0.01, hidden_dim=160, layers=3, cauchy={'lambda1': 0.7, 'lambda2': 0.1, 'd': 0.5} ---
    Avg RMSE: 0.0890

--- XNet combo 77: lr=0.01, hidden_dim=160, layers=3, cauchy={'lambda1': 0.85, 'lambda2': 0.15, 'd': 0.65} ---
    Avg RMSE: 0.0978

--- XNet combo 78: lr=0.01, hidden_dim=160, layers=3, cauchy={'lambda1': 1.0, 'lambda2': 0.2, 'd': 0.75} ---
    Avg RMSE: 0.0932

--- XNet combo 79: lr=0.01, hidden_dim=160, layers=4, cauchy={'lambda1': 0.7, 'lambda2': 0.1, 'd': 0.5} ---
    Avg RMSE: 0.1147

--- XNet combo 80: lr=0.01, hidden_dim=160, layers=4, cauchy={'lambda1': 0.85, 'lambda2': 0.15, 'd': 0.65} ---
    Avg RMSE: 0.1025

--- XNet combo 81: lr=0.01, hidden_dim=160, layers=4, cauchy={'lambda1': 1.0, 'lambda2': 0.2, 'd': 0.75} ---
    Avg RMSE: 0.1194

--- Training FC baseline ---
    Avg RMSE: 0.1478

--- Training LSTM baseline ---
    Avg RMSE: 0.0408

--- Training GRU baseline ---
    Avg RMSE: 0.0451

--- Training CNN baseline ---
    Avg RMSE: 0.0315

--- Training ResNet baseline ---
    Avg RMSE: 0.1338
train_ratio  epochs  XNet_rmse  FC_rmse  LSTM_rmse  GRU_rmse  CNN_rmse  ResNet_rmse best_baseline_model  best_baseline_rmse  xnet_vs_best_baseline_percent  xnet_best_lr  xnet_best_hidden_dim  xnet_best_num_layers  xnet_best_lambda1  xnet_best_lambda2  xnet_best_d
        50%     300   0.079711 0.147767   0.040777  0.045142  0.031452     0.133824                 CNN            0.031452                      -153.4368         0.006                   160                     2                0.7                0.1          0.5
