Loading cached data from /root/autodl-tmp/battery-rul-xnet/data/raw/NASA_Battery_Data.npy

=== Multi-model comparison with 60% training data ===

--- XNet combo 1: lr=0.008, hidden_dim=64, layers=2, cauchy={'lambda1': 0.7, 'lambda2': 0.1, 'd': 0.5} ---
    Avg RMSE: 0.0397

--- XNet combo 2: lr=0.008, hidden_dim=64, layers=2, cauchy={'lambda1': 1.0, 'lambda2': 0.2, 'd': 0.75} ---
    Avg RMSE: 0.0367

--- XNet combo 3: lr=0.008, hidden_dim=64, layers=3, cauchy={'lambda1': 0.7, 'lambda2': 0.1, 'd': 0.5} ---
    Avg RMSE: 0.0451

--- XNet combo 4: lr=0.008, hidden_dim=64, layers=3, cauchy={'lambda1': 1.0, 'lambda2': 0.2, 'd': 0.75} ---
    Avg RMSE: 0.0396

--- XNet combo 5: lr=0.008, hidden_dim=128, layers=2, cauchy={'lambda1': 0.7, 'lambda2': 0.1, 'd': 0.5} ---
    Avg RMSE: 0.0306

--- XNet combo 6: lr=0.008, hidden_dim=128, layers=2, cauchy={'lambda1': 1.0, 'lambda2': 0.2, 'd': 0.75} ---
    Avg RMSE: 0.0390

--- XNet combo 7: lr=0.008, hidden_dim=128, layers=3, cauchy={'lambda1': 0.7, 'lambda2': 0.1, 'd': 0.5} ---
    Avg RMSE: 0.0741

--- XNet combo 8: lr=0.008, hidden_dim=128, layers=3, cauchy={'lambda1': 1.0, 'lambda2': 0.2, 'd': 0.75} ---
    Avg RMSE: 0.0661

--- XNet combo 9: lr=0.01, hidden_dim=64, layers=2, cauchy={'lambda1': 0.7, 'lambda2': 0.1, 'd': 0.5} ---
    Avg RMSE: 0.0304

--- XNet combo 10: lr=0.01, hidden_dim=64, layers=2, cauchy={'lambda1': 1.0, 'lambda2': 0.2, 'd': 0.75} ---
    Avg RMSE: 0.0378

--- XNet combo 11: lr=0.01, hidden_dim=64, layers=3, cauchy={'lambda1': 0.7, 'lambda2': 0.1, 'd': 0.5} ---
    Avg RMSE: 0.0407

--- XNet combo 12: lr=0.01, hidden_dim=64, layers=3, cauchy={'lambda1': 1.0, 'lambda2': 0.2, 'd': 0.75} ---
    Avg RMSE: 0.0448

--- XNet combo 13: lr=0.01, hidden_dim=128, layers=2, cauchy={'lambda1': 0.7, 'lambda2': 0.1, 'd': 0.5} ---
    Avg RMSE: 0.0304

--- XNet combo 14: lr=0.01, hidden_dim=128, layers=2, cauchy={'lambda1': 1.0, 'lambda2': 0.2, 'd': 0.75} ---
    Avg RMSE: 0.0241

--- XNet combo 15: lr=0.01, hidden_dim=128, layers=3, cauchy={'lambda1': 0.7, 'lambda2': 0.1, 'd': 0.5} ---
    Avg RMSE: 0.0334

--- XNet combo 16: lr=0.01, hidden_dim=128, layers=3, cauchy={'lambda1': 1.0, 'lambda2': 0.2, 'd': 0.75} ---
    Avg RMSE: 0.0668

--- Training FC baseline ---
    Avg RMSE: 0.0438

--- Training LSTM baseline ---
    Avg RMSE: 0.0367

--- Training GRU baseline ---
    Avg RMSE: 0.0260

--- Training CNN baseline ---
    Avg RMSE: 0.0336

--- Training ResNet baseline ---
    Avg RMSE: 0.0704
train_ratio  model battery     rmse
        60%   XNet average 0.024128
        60%    GRU average 0.025968
        60%    CNN average 0.033553
        60%   LSTM average 0.036714
        60%     FC average 0.043809
        60% ResNet average 0.070438
train_ratio  combo_idx    lr  hidden_dim  num_layers  lambda1  lambda2    d  avg_rmse
        60%         14 0.010         128           2      1.0      0.2 0.75  0.024128
        60%          9 0.010          64           2      0.7      0.1 0.50  0.030414
        60%         13 0.010         128           2      0.7      0.1 0.50  0.030447
        60%          5 0.008         128           2      0.7      0.1 0.50  0.030645
        60%         15 0.010         128           3      0.7      0.1 0.50  0.033393
